// Jest Snapshot v1, https://goo.gl/fbAQLP

exports[`orderSidebar renders four subcomponents with appropriate data prop 1`] = `
<div
  className="container"
>
  <OrderForm
    data={
      Object {
        "contactName": "Jamie [Harknett]",
        "sellerName": "HarknettPrints",
        "title": "Star Trek - Captains Oath - Mission Oath - Quote Typography Art Poster Print - (Available in Many Sizes)",
        "variants": Object {
          "allVariants": Array [
            Array [
              "Metal",
              "6x4 inches",
              15,
              5,
            ],
            Array [
              "Metal",
              "5x7 inches",
              16.5,
              2,
            ],
            Array [
              "Metal",
              "8x10 inches",
              18,
              3,
            ],
            Array [
              "Plastic",
              "6x4 inches",
              10,
              6,
            ],
            Array [
              "Plastic",
              "5x7 inches",
              11,
              1,
            ],
            Array [
              "Plastic",
              "8x10 inches",
              12,
              9,
            ],
            Array [
              "Wood",
              "6x4 inches",
              17,
              10,
            ],
            Array [
              "Wood",
              "5x7 inches",
              19,
              12,
            ],
            Array [
              "Wood",
              "8x10 inches",
              20,
              13,
            ],
          ],
          "dimensions": Array [
            Object {
              "name": "Frame material",
              "options": Array [
                "Metal",
                "Plastic",
                "Wood",
              ],
            },
            Object {
              "name": "Size",
              "options": Array [
                "6x4 inches",
                "5x7 inches",
                "8x10 inches",
              ],
            },
          ],
        },
      }
    }
    key=".0"
  />
  <Overview
    data={
      Object {
        "acceptGiftCards": true,
        "isHandmade": true,
        "isProduct": true,
        "materials": Array [
          "Satin Photo Card",
          "Photoshop",
        ],
        "numFavorites": 2573,
        "numReviews": 1995,
        "whenMade": "To order",
      }
    }
    key=".1"
  />
  <Shipping
    data={
      Object {
        "acceptCancel": false,
        "acceptExchange": true,
        "acceptReturn": true,
        "shipOrigin": "United Kingdom",
        "timeToShip": "1-2 business days",
      }
    }
    key=".2"
  />
  <Favorite
    key=".3"
  />
</div>
`;
