// Jest Snapshot v1, https://goo.gl/fbAQLP

exports[`orderSidebar renders four subcomponents with appropriate data prop 1`] = `
<div
  className="container"
>
  <OrderForm
    data={
      Object {
        "contactName": "Jamie [Harknett]",
        "sellerName": "HarknettPrints",
        "title": "Star Trek - Captains Oath - Mission Oath - Quote Typography Art Poster Print - (Available in Many Sizes)",
        "variants": Object {
          "allVariants": Array [
            Array [
              "Red",
              "Small",
              7.5,
              5,
            ],
            Array [
              "Red",
              "Medium",
              7.6,
              2,
            ],
            Array [
              "Red",
              "Big",
              7.7,
              3,
            ],
            Array [
              "Blue",
              "Small",
              4.5,
              6,
            ],
            Array [
              "Blue",
              "Medium",
              4.6,
              1,
            ],
            Array [
              "Blue",
              "Big",
              4.7,
              9,
            ],
            Array [
              "Yellow",
              "Small",
              9.5,
              10,
            ],
            Array [
              "Yellow",
              "Medium",
              9.6,
              12,
            ],
            Array [
              "Yellow",
              "Big",
              9.7,
              13,
            ],
          ],
          "dimensions": Array [
            Object {
              "name": "Color",
              "options": Array [
                "Red",
                "Blue",
                "Yellow",
              ],
            },
            Object {
              "name": "Size",
              "options": Array [
                "Small",
                "Medium",
                "Big",
              ],
            },
          ],
        },
      }
    }
    key=".0"
  />
  <Overview
    data={
      Object {
        "acceptGiftCards": true,
        "isHandmade": true,
        "isProduct": true,
        "materials": Array [
          "Satin Photo Card",
          "Photoshop",
        ],
        "numFavorites": 2573,
        "numReviews": 1995,
        "whenMade": "To order",
      }
    }
    key=".1"
  />
  <Shipping
    data={
      Object {
        "acceptCancel": false,
        "acceptExchange": true,
        "acceptReturn": true,
        "shipOrigin": "United Kingdom",
        "timeToShip": "1-2 business days",
      }
    }
    key=".2"
  />
  <Favorite
    key=".3"
  />
</div>
`;
